<?xml version="1.0" encoding="utf-8" standalone="yes"?>
<rss version="2.0" xmlns:atom="http://www.w3.org/2005/Atom">
  <channel>
    <title>golden on Easy Recipes Food</title>
    <link>https://picflower.recipefood.net/healthy-recipes/tags/golden/</link>
    <description>Recent content in golden on Easy Recipes Food</description>
    <generator>Hugo -- gohugo.io</generator>
    <copyright>Copyright 2021 [picflower.recipefood.net](https://picflower.recipefood.net)</copyright>
    <lastBuildDate>Fri, 01 Jan 2021 06:42:34 +0000</lastBuildDate><atom:link href="https://picflower.recipefood.net/healthy-recipes/tags/golden/rss.xml" rel="self" type="application/rss+xml" />
    <item>
      <title>Step-by-Step Guide to Make Healthy Golden Peach muffins for Dinner</title>
      <link>https://picflower.recipefood.net/healthy-recipes/3-step-by-step-guide-to-make-healthy-golden-peach-muffins-for-dinner/</link>
      <pubDate>Fri, 01 Jan 2021 06:42:34 +0000</pubDate>
      
      <guid>https://picflower.recipefood.net/healthy-recipes/3-step-by-step-guide-to-make-healthy-golden-peach-muffins-for-dinner/</guid>
      <description>Hello everybody, hope you&amp;rsquo;re having an amazing day today. Today, we&amp;rsquo;re going to prepare a distinctive dish, golden peach muffins. One of my favorites.</description>
    </item>
    
  </channel>
</rss>